---
source: crates/fhirpath/src/parser.rs
expression: result
---
Operation(
    Add(
        Singular(
            [
                Literal(
                    Integer(
                        1,
                    ),
                ),
            ],
        ),
        Operation(
            Division(
                Operation(
                    Multiplication(
                        Singular(
                            [
                                Literal(
                                    Integer(
                                        2,
                                    ),
                                ),
                            ],
                        ),
                        Singular(
                            [
                                Parenthesized(
                                    Operation(
                                        Subtraction(
                                            Singular(
                                                [
                                                    Literal(
                                                        Integer(
                                                            3,
                                                        ),
                                                    ),
                                                ],
                                            ),
                                            Singular(
                                                [
                                                    Literal(
                                                        Integer(
                                                            4,
                                                        ),
                                                    ),
                                                ],
                                            ),
                                        ),
                                    ),
                                ),
                            ],
                        ),
                    ),
                ),
                Singular(
                    [
                        Literal(
                            Integer(
                                5,
                            ),
                        ),
                    ],
                ),
            ),
        ),
    ),
)
